HAL.hpp:110:17:static touchgfx::HAL* touchgfx::HAL::getInstance()	4	static
OSWrappers_cmsis.cpp:17:6:static void touchgfx::OSWrappers::initialize()	24	static
OSWrappers_cmsis.cpp:29:6:static void touchgfx::OSWrappers::takeFrameBufferSemaphore()	8	static
OSWrappers_cmsis.cpp:35:6:static void touchgfx::OSWrappers::giveFrameBufferSemaphore()	8	static
OSWrappers_cmsis.cpp:41:6:static void touchgfx::OSWrappers::tryTakeFrameBufferSemaphore()	8	static
OSWrappers_cmsis.cpp:47:6:static void touchgfx::OSWrappers::giveFrameBufferSemaphoreFromISR()	8	static
OSWrappers_cmsis.cpp:53:6:static void touchgfx::OSWrappers::signalVSync()	8	static
OSWrappers_cmsis.cpp:61:6:static void touchgfx::OSWrappers::waitForVSync()	32	static
OSWrappers_cmsis.cpp:73:6:static void touchgfx::OSWrappers::taskDelay(uint16_t)	16	static
OSWrappers_cmsis.cpp:87:22:long int IdleTaskHook(void*)	16	static
OSWrappers_cmsis.cpp:102:10:void vApplicationStackOverflowHook(TaskHandle_t, signed char*)	16	static
OSWrappers_cmsis.cpp:108:10:void vApplicationMallocFailedHook(TaskHandle_t, signed char*)	16	static
OSWrappers_cmsis.cpp:114:10:void vApplicationIdleHook()	8	static
